// Jest Snapshot v1, https://goo.gl/fbAQLP

exports[`LCD handler getBoard() returns properly instantiated LCD 1`] = `mockConstructor {}`;
